// Jest Snapshot v1, https://goo.gl/fbAQLP

exports[`renders correctly App component 1`] = `
<div
  className="container loader"
>
  <h2>
    Loading...  Please wait..
  </h2>
  <div
    aria-hidden="true"
    className="spinner-border ms-auto"
    role="status"
  />
</div>
`;
