// Jest Snapshot v1, https://goo.gl/fbAQLP

exports[`renders correctly EdituserForm component 1`] = `
<BrowserRouter>
  <Router
    location={
      Object {
        "hash": "",
        "key": "default",
        "pathname": "/",
        "search": "",
        "state": null,
      }
    }
    navigationType="POP"
    navigator={
      Object {
        "action": "POP",
        "back": [Function],
        "block": [Function],
        "createHref": [Function],
        "forward": [Function],
        "go": [Function],
        "listen": [Function],
        "location": Object {
          "hash": "",
          "key": "default",
          "pathname": "/",
          "search": "",
          "state": null,
        },
        "push": [Function],
        "replace": [Function],
      }
    }
  >
    <EdituserForm
      closeModal={[MockFunction]}
      userData={
        Object {
          "email": "shivam@gmail.com",
          "gender": "male",
          "id": 0,
          "name": "shivam sharma",
          "status": "active",
        }
      }
    >
      <UserInfo
        closeModal={[MockFunction]}
        operation="edit"
        userData={
          Object {
            "email": "shivam@gmail.com",
            "gender": "male",
            "id": 0,
            "name": "shivam sharma",
            "status": "active",
          }
        }
      >
        <div
          className="userinfo_container"
        >
          <Form
            className="form"
            onSubmit={[Function]}
            tag="form"
          >
            <form
              className="form"
              onSubmit={[Function]}
            >
              <FormGroup
                tag="div"
              >
                <div
                  className="mb-3"
                >
                  <div
                    className="input input-group input-group-lg"
                  >
                    <label
                      className="userinfo_label"
                    >
                      Name :
                    </label>
                    <input
                      aria-describedby="inputGroup-sizing-lg"
                      aria-label="Sizing example input"
                      autoComplete="off"
                      className="username form-control my-2"
                      name="name"
                      onChange={[Function]}
                      placeholder="Enter username here"
                      required={true}
                      type="text"
                      value="shivam sharma"
                    />
                  </div>
                  <div
                    className="input input-group input-group-lg"
                  >
                    <label
                      className="userinfo_label"
                    >
                      Email :
                    </label>
                    <input
                      aria-describedby="inputGroup-sizing-lg"
                      aria-label="Sizing example input"
                      autoComplete="off"
                      className="email form-control my-2"
                      name="email"
                      onChange={[Function]}
                      placeholder="Enter email id here"
                      required={true}
                      type="text"
                      value="shivam@gmail.com"
                    />
                  </div>
                  <div
                    className="input input-group input-group-lg"
                  >
                    <label
                      className="userinfo_label"
                    >
                      Gender :
                    </label>
                    <select
                      aria-label=".form-select-lg example"
                      className="gender form-select form-select-lg mb-3"
                      name="gender"
                      onChange={[Function]}
                      value="male"
                    >
                      <option
                        value="male"
                      >
                        Male
                      </option>
                      <option
                        value="female"
                      >
                        Female
                      </option>
                    </select>
                  </div>
                  <div
                    className="input input-group input-group-lg"
                  >
                    <label
                      className="userinfo_label"
                    >
                      Status :
                    </label>
                    <select
                      aria-label=".form-select-lg example"
                      className="status form-select form-select-lg mb-3"
                      name="status"
                      onChange={[Function]}
                      value="active"
                    >
                      <option
                        value="active"
                      >
                        Active
                      </option>
                      <option
                        value="inactive"
                      >
                        Inactive
                      </option>
                    </select>
                  </div>
                  <div
                    className="d-flex"
                  >
                    <Button
                      className="userinfo_btn"
                      color="success"
                      tag="button"
                      type="submit"
                    >
                      <button
                        aria-label={null}
                        className="userinfo_btn btn btn-success"
                        onClick={[Function]}
                        type="submit"
                      >
                        edit
                         User
                      </button>
                    </Button>
                    <Button
                      className="reset_btn"
                      color="primary"
                      onClick={[Function]}
                      tag="button"
                    >
                      <button
                        aria-label={null}
                        className="reset_btn btn btn-primary"
                        onClick={[Function]}
                        type="button"
                      >
                        Reset
                      </button>
                    </Button>
                  </div>
                </div>
              </FormGroup>
            </form>
          </Form>
        </div>
      </UserInfo>
    </EdituserForm>
  </Router>
</BrowserRouter>
`;
