// Jest Snapshot v1, https://goo.gl/fbAQLP

exports[`renders correctly UserInfo component 1`] = `
<Router
  location={
    Object {
      "hash": "",
      "key": "default",
      "pathname": "/",
      "search": "",
      "state": null,
    }
  }
  navigationType="POP"
  navigator={
    Object {
      "action": "POP",
      "back": [Function],
      "block": [Function],
      "createHref": [Function],
      "forward": [Function],
      "go": [Function],
      "listen": [Function],
      "location": Object {
        "hash": "",
        "key": "default",
        "pathname": "/",
        "search": "",
        "state": null,
      },
      "push": [Function],
      "replace": [Function],
    }
  }
>
  <UserInfo
    closeModal={[MockFunction]}
    operation="add"
    userData={
      Object {
        "email": "shivam@gmail.com",
        "gender": "male",
        "id": 0,
        "name": "shivam sharma",
        "status": "active",
      }
    }
  />
</Router>
`;
